// Jest Snapshot v1, https://goo.gl/fbAQLP

exports[`Error should match snapshot 1`] = `
<styled.div
  styles="
    align-items: center;
    display: flex;
    flex-direction: column;
    height: 100%;
    justify-content: center;
"
>
  <h1>
    3000
  </h1>
  <p>
    hullo wurld
  </p>
</styled.div>
`;
